---
source: sourcier-core/src/tests.rs
expression: val
snapshot_kind: text
---
files:
  - path: README.md
    content:
      - 35
      - 32
      - 80
      - 114
      - 111
      - 106
      - 101
      - 99
      - 116
      - 32
      - 68
      - 111
      - 99
      - 117
      - 109
      - 101
      - 110
      - 116
      - 97
      - 116
      - 105
      - 111
      - 110
      - 10
      - 10
      - 84
      - 104
      - 105
      - 115
      - 32
      - 105
      - 115
      - 32
      - 97
      - 32
      - 115
      - 97
      - 109
      - 112
      - 108
      - 101
      - 32
      - 112
      - 114
      - 111
      - 106
      - 101
      - 99
      - 116
      - 46
  - path: src/lib.rs
    content:
      - 112
      - 117
      - 98
      - 32
      - 109
      - 111
      - 100
      - 32
      - 117
      - 116
      - 105
      - 108
      - 115
      - 59
      - 10
      - 112
      - 117
      - 98
      - 32
      - 102
      - 110
      - 32
      - 104
      - 101
      - 108
      - 112
      - 101
      - 114
      - 40
      - 41
      - 32
      - 45
      - 62
      - 32
      - 98
      - 111
      - 111
      - 108
      - 32
      - 123
      - 32
      - 116
      - 114
      - 117
      - 101
      - 32
      - 125
  - path: src/main.rs
    content:
      - 102
      - 110
      - 32
      - 109
      - 97
      - 105
      - 110
      - 40
      - 41
      - 32
      - 123
      - 32
      - 112
      - 114
      - 105
      - 110
      - 116
      - 108
      - 110
      - 33
      - 40
      - 34
      - 72
      - 101
      - 108
      - 108
      - 111
      - 44
      - 32
      - 119
      - 111
      - 114
      - 108
      - 100
      - 33
      - 34
      - 41
      - 59
      - 32
      - 125
path_to_id:
  README.md: 1
  src/lib.rs: 2
  src/main.rs: 3
avg_file_size: 2048
expected_files: 100
